EN memorycontroller NULL "D:/VHDL/Computer Arti/FlashTester/MemoryController.vhd" sub00/vhpl02 1353780858
AR memorycontroller behavioral "D:/VHDL/Computer Arti/FlashTester/MemoryController.vhd" sub00/vhpl03 1353780859
EN flash_io NULL "D:/VHDL/Computer Arti/FlashTester/flash_io.vhd" sub00/vhpl00 1353780856
AR flash_io behavioral "D:/VHDL/Computer Arti/FlashTester/flash_io.vhd" sub00/vhpl01 1353780857
